error: Not an amino acid
 --> $DIR/any_of_X.rs:4:26
  |
4 |     let _wrong = any_of!(x);
  |                          ^

error: expected expression, found end of macro arguments
 --> $DIR/any_of_X.rs:4:18
  |
4 |     let _wrong = any_of!(x);
  |                  ^^^^^^^^^^
